\BOOKMARK [1][-]{section.1}{\376\377\000C\000o\000m\000b\000i\000n\000a\000t\000o\000r\000i\000c\000s}{}% 1
\BOOKMARK [2][-]{subsection.1.1}{\376\377\000B\000i\000n\000o\000m\000i\000a\000l\000\040\000C\000o\000e\000f\000f\000i\000c\000i\000e\000n\000t\000s}{section.1}% 2
\BOOKMARK [3][-]{subsubsection.1.1.1}{\376\377\000O\000d\000d\000\040\000n\000u\000m\000b\000e\000r\000s\000\040\000i\000n\000\040\000t\000h\000e\000\040\000i\000-\000t\000h\000\040\000l\000i\000n\000e}{subsection.1.1}% 3
\BOOKMARK [3][-]{subsubsection.1.1.2}{\376\377\000S\000y\000m\000m\000e\000t\000r\000y\000\040\000r\000u\000l\000e}{subsection.1.1}% 4
\BOOKMARK [3][-]{subsubsection.1.1.3}{\376\377\000F\000a\000c\000t\000o\000r\000i\000n\000g\000\040\000i\000n}{subsection.1.1}% 5
\BOOKMARK [3][-]{subsubsection.1.1.4}{\376\377\000S\000u\000m\000\040\000o\000v\000e\000r\000\040\000k\000\040\000\050\000r\000o\000w\000\051}{subsection.1.1}% 6
\BOOKMARK [3][-]{subsubsection.1.1.5}{\376\377\000S\000u\000m\000\040\000o\000v\000e\000r\000\040\000n\000\040\000\050\000c\000o\000l\000u\000m\000n\000\051}{subsection.1.1}% 7
\BOOKMARK [3][-]{subsubsection.1.1.6}{\376\377\000S\000u\000m\000\040\000o\000v\000e\000r\000\040\000n\000\040\000a\000n\000d\000\040\000k}{subsection.1.1}% 8
\BOOKMARK [3][-]{subsubsection.1.1.7}{\376\377\000S\000u\000m\000\040\000o\000f\000\040\000t\000h\000e\000\040\000s\000q\000u\000a\000r\000e\000s}{subsection.1.1}% 9
\BOOKMARK [3][-]{subsubsection.1.1.8}{\376\377\000W\000e\000i\000g\000h\000t\000e\000d\000\040\000s\000u\000m}{subsection.1.1}% 10
\BOOKMARK [3][-]{subsubsection.1.1.9}{\376\377\000C\000o\000n\000n\000e\000c\000t\000i\000o\000n\000\040\000w\000i\000t\000h\000\040\000t\000h\000e\000\040\000F\000i\000b\000o\000n\000a\000c\000c\000i\000\040\000n\000u\000m\000b\000e\000r\000s}{subsection.1.1}% 11
\BOOKMARK [3][-]{subsubsection.1.1.10}{\376\377\000P\000a\000s\000c\000a\000l\000'\000s\000\040\000T\000r\000i\000a\000n\000g\000l\000e}{subsection.1.1}% 12
\BOOKMARK [3][-]{subsubsection.1.1.11}{\376\377\000N\000-\000t\000h\000\040\000f\000i\000r\000s\000t\000\040\000t\000e\000r\000m\000s\000\040\000o\000f\000\040\000P\000-\000t\000h\000\040\000c\000o\000l\000u\000m\000n}{subsection.1.1}% 13
\BOOKMARK [3][-]{subsubsection.1.1.12}{\376\377\000F\000i\000n\000d\000\040\000i\000f\000\040\000t\000h\000e\000\040\000\050\000w\000i\000d\000t\000h\000h\000e\000i\000g\000h\000t\000.\000\050\000w\000i\000d\000t\000h\000h\000e\000i\000g\000h\000t\000.\000\050\000w\000i\000d\000t\000h\000h\000e\000i\000g\000h\000t\000.\000\050\000w\000i\000d\000t\000h\000h\000e\000i\000g\000h\000t\000.\000n\000k\000\051\000w\000i\000d\000t\000h\000h\000e\000i\000g\000h\000t\000.\000\051\000w\000i\000d\000t\000h\000h\000e\000i\000g\000h\000t\000.\000\051\000w\000i\000d\000t\000h\000h\000e\000i\000g\000h\000t\000.\000\051\000w\000i\000d\000t\000h\000h\000e\000i\000g\000h\000t\000.\000\040\000i\000s\000\040\000o\000d\000d}{subsection.1.1}% 14
\BOOKMARK [2][-]{subsection.1.2}{\376\377\000P\000a\000r\000t\000i\000t\000i\000o\000n}{section.1}% 15
\BOOKMARK [2][-]{subsection.1.3}{\376\377\0004\000\040\000f\000u\000n\000d\000a\000m\000e\000n\000t\000a\000l\000\040\000p\000r\000o\000b\000l\000e\000m\000s\000\040\000o\000f\000\040\000d\000i\000s\000t\000r\000i\000b\000u\000t\000i\000o\000n}{section.1}% 16
\BOOKMARK [3][-]{subsubsection.1.3.1}{\376\377\000N\000\040\000e\000q\000u\000a\000l\000\040\000b\000a\000l\000l\000s\000\040\000i\000n\000\040\000K\000\040\000e\000q\000u\000a\000l\000\040\000b\000o\000x\000e\000s}{subsection.1.3}% 17
\BOOKMARK [3][-]{subsubsection.1.3.2}{\376\377\000N\000\040\000e\000q\000u\000a\000l\000\040\000b\000a\000l\000l\000s\000\040\000i\000n\000\040\000K\000\040\000d\000i\000s\000t\000i\000n\000c\000t\000\040\000b\000o\000x\000e\000s}{subsection.1.3}% 18
\BOOKMARK [3][-]{subsubsection.1.3.3}{\376\377\000N\000\040\000d\000i\000s\000t\000i\000n\000c\000t\000\040\000b\000a\000l\000l\000s\000\040\000i\000n\000\040\000K\000\040\000e\000q\000u\000a\000l\000\040\000b\000o\000x\000e\000s\000\040\000\050\000S\000t\000i\000r\000l\000i\000n\000g\000'\000s\000\040\000N\000u\000m\000b\000e\000r\000\040\000o\000f\000\040\000S\000e\000c\000o\000n\000d\000\040\000K\000i\000n\000d\000\051}{subsection.1.3}% 19
\BOOKMARK [3][-]{subsubsection.1.3.4}{\376\377\000N\000\040\000d\000i\000s\000t\000i\000n\000c\000t\000\040\000b\000a\000l\000l\000s\000\040\000i\000n\000\040\000K\000\040\000d\000i\000s\000t\000i\000n\000c\000t\000\040\000b\000o\000x\000e\000s}{subsection.1.3}% 20
\BOOKMARK [2][-]{subsection.1.4}{\376\377\000B\000e\000l\000l\000\040\000n\000u\000m\000b\000e\000r}{section.1}% 21
\BOOKMARK [3][-]{subsubsection.1.4.1}{\376\377\000B\000e\000l\000l\000\040\000T\000r\000i\000a\000n\000g\000l\000e}{subsection.1.4}% 22
\BOOKMARK [3][-]{subsubsection.1.4.2}{\376\377\000S\000u\000m\000m\000a\000t\000i\000o\000n\000\040\000f\000o\000r\000m\000u\000l\000a\000s}{subsection.1.4}% 23
\BOOKMARK [2][-]{subsection.1.5}{\376\377\000D\000e\000r\000a\000n\000g\000e\000m\000e\000n\000t\000\040\000/\000\040\000M\000o\000n\000t\000m\000o\000r\000t\000\040\000N\000u\000m\000b\000e\000r\000\040\000/\000\040\000S\000u\000b\000f\000a\000c\000t\000o\000r\000i\000a\000l}{section.1}% 24
\BOOKMARK [2][-]{subsection.1.6}{\376\377\000P\000e\000r\000m\000u\000t\000a\000t\000i\000o\000n\000s}{section.1}% 25
\BOOKMARK [2][-]{subsection.1.7}{\376\377\000C\000i\000r\000c\000u\000l\000a\000r\000\040\000p\000e\000r\000m\000u\000t\000a\000t\000i\000o\000n\000s}{section.1}% 26
\BOOKMARK [1][-]{section.2}{\376\377\000B\000o\000o\000l\000e\000a\000n\000\040\000A\000l\000g\000e\000b\000r\000a\000\040\000\050\000L\000o\000g\000i\000c\000\051}{}% 27
\BOOKMARK [2][-]{subsection.2.1}{\376\377\000S\000y\000m\000b\000o\000l\000s}{section.2}% 28
\BOOKMARK [3][-]{subsubsection.2.1.1}{\376\377\000I\000m\000p\000l\000i\000c\000a\000t\000i\000o\000n\000\040\000\050\041\222\000\051\000\040}{subsection.2.1}% 29
\BOOKMARK [1][-]{section.3}{\376\377\000G\000e\000o\000m\000e\000t\000r\000y}{}% 30
\BOOKMARK [2][-]{subsection.3.1}{\376\377\000T\000r\000i\000g\000o\000n\000o\000m\000e\000t\000r\000y}{section.3}% 31
\BOOKMARK [2][-]{subsection.3.2}{\376\377\000L\000i\000n\000e}{section.3}% 32
\BOOKMARK [3][-]{subsubsection.3.2.1}{\376\377\000G\000e\000n\000e\000r\000a\000l\000\040\000e\000q\000u\000a\000t\000i\000o\000n}{subsection.3.2}% 33
\BOOKMARK [3][-]{subsubsection.3.2.2}{\376\377\000G\000e\000n\000e\000r\000a\000l\000\040\000e\000q\000u\000a\000t\000i\000o\000n\000\040\000f\000r\000o\000m\000\040\000t\000w\000o\000\040\000p\000o\000i\000n\000t\000s}{subsection.3.2}% 34
\BOOKMARK [3][-]{subsubsection.3.2.3}{\376\377\000L\000i\000n\000e\000\040\000i\000n\000c\000l\000i\000n\000a\000t\000i\000o\000n\000\040\000f\000r\000o\000m\000\040\000t\000w\000o\000\040\000p\000o\000i\000n\000t\000s}{subsection.3.2}% 35
\BOOKMARK [3][-]{subsubsection.3.2.4}{\376\377\000C\000h\000e\000c\000k\000\040\000i\000f\000\040\000a\000\040\000p\000o\000i\000n\000t\000\040\000b\000e\000l\000o\000n\000g\000s\000\040\000t\000o\000\040\000t\000h\000e\000\040\000l\000i\000n\000e}{subsection.3.2}% 36
\BOOKMARK [3][-]{subsubsection.3.2.5}{\376\377\000D\000i\000s\000t\000a\000n\000c\000e\000\040\000f\000r\000o\000m\000\040\000a\000\040\000p\000o\000i\000n\000t\000\040\000t\000o\000\040\000a\000\040\000l\000i\000n\000e}{subsection.3.2}% 37
\BOOKMARK [2][-]{subsection.3.3}{\376\377\000C\000o\000n\000v\000e\000x\000\040\000a\000n\000d\000\040\000C\000o\000n\000c\000a\000v\000e\000\040\000P\000o\000l\000y\000g\000o\000n\000s}{section.3}% 38
\BOOKMARK [3][-]{subsubsection.3.3.1}{\376\377\000R\000e\000g\000u\000l\000a\000r\000\040\000p\000o\000l\000y\000g\000o\000n\000\040\000c\000i\000r\000c\000u\000m\000r\000a\000d\000i\000u\000s}{subsection.3.3}% 39
\BOOKMARK [3][-]{subsubsection.3.3.2}{\376\377\000R\000e\000g\000u\000l\000a\000r\000\040\000p\000o\000l\000y\000g\000o\000n\000\040\000i\000n\000s\000c\000r\000i\000b\000e\000d\000\040\000c\000i\000r\000c\000l\000e\000\040\000r\000a\000d\000i\000u\000s}{subsection.3.3}% 40
\BOOKMARK [3][-]{subsubsection.3.3.3}{\376\377\000A\000r\000e\000a\000\040\000o\000f\000\040\000r\000e\000g\000u\000l\000a\000r\000\040\000p\000o\000l\000y\000g\000o\000n\000s}{subsection.3.3}% 41
\BOOKMARK [3][-]{subsubsection.3.3.4}{\376\377\000S\000u\000m\000\040\000o\000f\000\040\000i\000n\000t\000e\000r\000n\000a\000l\000\040\000a\000n\000g\000l\000e\000\040\000o\000f\000\040\000a\000\040\000r\000e\000g\000u\000l\000a\000r\000\040\000p\000o\000l\000y\000g\000o\000n}{subsection.3.3}% 42
\BOOKMARK [2][-]{subsection.3.4}{\376\377\000T\000r\000i\000a\000n\000g\000l\000e}{section.3}% 43
\BOOKMARK [3][-]{subsubsection.3.4.1}{\376\377\000S\000e\000m\000i\000p\000e\000r\000i\000m\000e\000t\000e\000r}{subsection.3.4}% 44
\BOOKMARK [3][-]{subsubsection.3.4.2}{\376\377\000A\000r\000e\000a}{subsection.3.4}% 45
\BOOKMARK [3][-]{subsubsection.3.4.3}{\376\377\000C\000i\000r\000c\000u\000m\000r\000a\000d\000i\000u\000s}{subsection.3.4}% 46
\BOOKMARK [3][-]{subsubsection.3.4.4}{\376\377\000I\000n\000r\000a\000d\000i\000u\000s}{subsection.3.4}% 47
\BOOKMARK [3][-]{subsubsection.3.4.5}{\376\377\000L\000e\000n\000g\000h\000t\000\040\000o\000f\000\040\000b\000i\000s\000e\000c\000t\000o\000r}{subsection.3.4}% 48
\BOOKMARK [3][-]{subsubsection.3.4.6}{\376\377\000L\000a\000w\000\040\000o\000f\000\040\000s\000i\000n\000e\000s}{subsection.3.4}% 49
\BOOKMARK [3][-]{subsubsection.3.4.7}{\376\377\000L\000a\000w\000\040\000o\000f\000\040\000c\000o\000s\000i\000n\000e\000s}{subsection.3.4}% 50
\BOOKMARK [3][-]{subsubsection.3.4.8}{\376\377\000L\000a\000w\000\040\000o\000f\000\040\000t\000a\000n\000g\000e\000n\000t\000s}{subsection.3.4}% 51
\BOOKMARK [2][-]{subsection.3.5}{\376\377\000Q\000u\000a\000d\000r\000i\000l\000a\000t\000e\000r\000a\000l\000s}{section.3}% 52
\BOOKMARK [3][-]{subsubsection.3.5.1}{\376\377\000I\000n\000t\000e\000r\000s\000e\000c\000t\000i\000o\000n\000\040\000o\000f\000\040\000.\000.\000.\000\040\000?}{subsection.3.5}% 53
\BOOKMARK [2][-]{subsection.3.6}{\376\377\000T\000r\000a\000p\000e\000z\000i\000u\000m}{section.3}% 54
\BOOKMARK [3][-]{subsubsection.3.6.1}{\376\377\000A\000r\000e\000a\000,\000\040\000k\000n\000o\000w\000i\000n\000g\000\040\000b\000a\000s\000e\000\040\000a\000n\000d\000\040\000h\000e\000i\000g\000h\000t}{subsection.3.6}% 55
\BOOKMARK [3][-]{subsubsection.3.6.2}{\376\377\000A\000r\000e\000a\000\040\000k\000n\000o\000w\000i\000n\000g\000\040\000o\000n\000l\000y\000\040\000s\000i\000d\000e\000s}{subsection.3.6}% 56
\BOOKMARK [2][-]{subsection.3.7}{\376\377\000S\000p\000h\000e\000r\000e}{section.3}% 57
\BOOKMARK [3][-]{subsubsection.3.7.1}{\376\377\000E\000q\000u\000a\000t\000i\000o\000n}{subsection.3.7}% 58
\BOOKMARK [3][-]{subsubsection.3.7.2}{\376\377\000E\000q\000u\000a\000t\000i\000o\000n\000\040\000i\000n\000\040\000s\000p\000h\000e\000r\000i\000c\000a\000l\000\040\000c\000o\000o\000r\000d\000i\000n\000a\000t\000e\000\040\000s\000y\000s\000t\000e\000m}{subsection.3.7}% 59
\BOOKMARK [3][-]{subsubsection.3.7.3}{\376\377\000A\000r\000e\000a}{subsection.3.7}% 60
\BOOKMARK [3][-]{subsubsection.3.7.4}{\376\377\000V\000o\000l\000u\000m\000e}{subsection.3.7}% 61
\BOOKMARK [2][-]{subsection.3.8}{\376\377\000C\000u\000b\000e}{section.3}% 62
\BOOKMARK [3][-]{subsubsection.3.8.1}{\376\377\000F\000a\000c\000i\000a\000l\000\040\000\046\000\040\000B\000o\000d\000y\000\040\000d\000i\000a\000g\000o\000n\000a\000l}{subsection.3.8}% 63
\BOOKMARK [3][-]{subsubsection.3.8.2}{\376\377\000A\000r\000e\000a}{subsection.3.8}% 64
\BOOKMARK [3][-]{subsubsection.3.8.3}{\376\377\000V\000o\000l\000u\000m\000e}{subsection.3.8}% 65
\BOOKMARK [3][-]{subsubsection.3.8.4}{\376\377\000C\000i\000r\000c\000u\000m\000s\000c\000r\000i\000b\000e\000d\000\040\000s\000p\000h\000e\000r\000e}{subsection.3.8}% 66
\BOOKMARK [3][-]{subsubsection.3.8.5}{\376\377\000I\000n\000s\000c\000r\000i\000b\000e\000d\000\040\000S\000p\000h\000e\000r\000e}{subsection.3.8}% 67
\BOOKMARK [3][-]{subsubsection.3.8.6}{\376\377\000T\000a\000n\000g\000e\000n\000t\000\040\000S\000p\000h\000e\000r\000e}{subsection.3.8}% 68
\BOOKMARK [2][-]{subsection.3.9}{\376\377\000P\000a\000r\000a\000l\000l\000e\000l\000e\000p\000i\000p\000e\000d}{section.3}% 69
\BOOKMARK [3][-]{subsubsection.3.9.1}{\376\377\000A\000r\000e\000a\000\040\000d\000e\000l\000i\000m\000i\000t\000e\000d\000\040\000b\000y\000\040\000t\000w\000o\000\040\000v\000e\000c\000t\000o\000r\000s}{subsection.3.9}% 70
\BOOKMARK [3][-]{subsubsection.3.9.2}{\376\377\000V\000o\000l\000u\000m\000e}{subsection.3.9}% 71
\BOOKMARK [2][-]{subsection.3.10}{\376\377\000C\000i\000l\000i\000n\000d\000e\000r}{section.3}% 72
\BOOKMARK [3][-]{subsubsection.3.10.1}{\376\377\000A\000r\000e\000a}{subsection.3.10}% 73
\BOOKMARK [3][-]{subsubsection.3.10.2}{\376\377\000V\000o\000l\000u\000m\000e}{subsection.3.10}% 74
\BOOKMARK [2][-]{subsection.3.11}{\376\377\000C\000o\000n\000e}{section.3}% 75
\BOOKMARK [3][-]{subsubsection.3.11.1}{\376\377\000A\000r\000e\000a}{subsection.3.11}% 76
\BOOKMARK [3][-]{subsubsection.3.11.2}{\376\377\000V\000o\000l\000u\000m\000e}{subsection.3.11}% 77
\BOOKMARK [2][-]{subsection.3.12}{\376\377\000T\000r\000u\000n\000c\000a\000t\000e\000d\000\040\000C\000o\000n\000e}{section.3}% 78
\BOOKMARK [3][-]{subsubsection.3.12.1}{\376\377\000A\000r\000e\000a}{subsection.3.12}% 79
\BOOKMARK [3][-]{subsubsection.3.12.2}{\376\377\000V\000o\000l\000u\000m\000e}{subsection.3.12}% 80
\BOOKMARK [2][-]{subsection.3.13}{\376\377\000A\000n\000g\000l\000e\000s}{section.3}% 81
\BOOKMARK [3][-]{subsubsection.3.13.1}{\376\377\000R\000a\000d\000i\000a\000n\000s\000\040\000a\000n\000d\000\040\000D\000e\000g\000r\000e\000e\000s\000\040\000R\000e\000l\000a\000t\000i\000o\000n\000s\000h\000i\000p}{subsection.3.13}% 82
\BOOKMARK [3][-]{subsubsection.3.13.2}{\376\377\000C\000o\000m\000m\000o\000n\000\040\000A\000n\000g\000l\000e\000s}{subsection.3.13}% 83
\BOOKMARK [2][-]{subsection.3.14}{\376\377\000C\000i\000r\000c\000l\000e}{section.3}% 84
\BOOKMARK [3][-]{subsubsection.3.14.1}{\376\377\000G\000e\000n\000e\000r\000a\000l\000\040\000e\000q\000u\000a\000t\000i\000o\000n}{subsection.3.14}% 85
\BOOKMARK [3][-]{subsubsection.3.14.2}{\376\377\000C\000h\000o\000r\000d\000\040\000L\000e\000n\000g\000t\000h}{subsection.3.14}% 86
\BOOKMARK [3][-]{subsubsection.3.14.3}{\376\377\000R\000a\000d\000i\000u\000s\000\040\000f\000r\000o\000m\000\040\000C\000h\000o\000r\000d\000\040\000L\000e\000n\000g\000t\000h}{subsection.3.14}% 87
\BOOKMARK [2][-]{subsection.3.15}{\376\377\000D\000o\000t\000\040\000p\000r\000o\000d\000u\000c\000t}{section.3}% 88
\BOOKMARK [2][-]{subsection.3.16}{\376\377\000M\000a\000g\000n\000i\000t\000u\000d\000e}{section.3}% 89
\BOOKMARK [1][-]{section.4}{\376\377\000A\000l\000g\000e\000b\000r\000a}{}% 90
\BOOKMARK [2][-]{subsection.4.1}{\376\377\000S\000u\000m\000s}{section.4}% 91
\BOOKMARK [2][-]{subsection.4.2}{\376\377\000A\000b\000s\000o\000l\000u\000t\000e\000\040\000V\000a\000l\000u\000e}{section.4}% 92
\BOOKMARK [3][-]{subsubsection.4.2.1}{\376\377\000D\000e\000f\000i\000n\000i\000t\000i\000o\000n}{subsection.4.2}% 93
\BOOKMARK [3][-]{subsubsection.4.2.2}{\376\377\000P\000r\000o\000p\000e\000r\000t\000i\000e\000s\000\040\000a\000n\000d\000\040\000T\000h\000e\000o\000r\000e\000m\000s}{subsection.4.2}% 94
\BOOKMARK [2][-]{subsection.4.3}{\376\377\000I\000n\000e\000q\000u\000a\000l\000i\000t\000i\000e\000s}{section.4}% 95
\BOOKMARK [1][-]{section.5}{\376\377\000G\000r\000a\000p\000h\000s}{}% 96
\BOOKMARK [2][-]{subsection.5.1}{\376\377\000B\000i\000p\000a\000r\000t\000i\000t\000e\000\040\000G\000r\000a\000p\000h}{section.5}% 97
\BOOKMARK [2][-]{subsection.5.2}{\376\377\000T\000o\000p\000o\000l\000o\000g\000i\000c\000a\000l\000\040\000S\000o\000r\000t\000i\000n\000g}{section.5}% 98
\BOOKMARK [2][-]{subsection.5.3}{\376\377\000S\000t\000r\000o\000n\000g\000l\000y\000\040\000C\000o\000n\000n\000e\000c\000t\000e\000d\000\040\000C\000o\000m\000p\000o\000n\000e\000n\000t\000s}{section.5}% 99
\BOOKMARK [2][-]{subsection.5.4}{\376\377\000M\000i\000n\000i\000m\000u\000m\000\040\000s\000p\000a\000n\000n\000i\000n\000g\000\040\000t\000r\000e\000e}{section.5}% 100
\BOOKMARK [3][-]{subsubsection.5.4.1}{\376\377\000P\000r\000o\000p\000e\000t\000i\000e\000s}{subsection.5.4}% 101
\BOOKMARK [2][-]{subsection.5.5}{\376\377\000E\000u\000l\000e\000r\000i\000a\000n\000\040\000p\000a\000t\000h}{section.5}% 102
\BOOKMARK [2][-]{subsection.5.6}{\376\377\000N\000e\000t\000w\000o\000r\000k}{section.5}% 103
\BOOKMARK [2][-]{subsection.5.7}{\376\377\000F\000l\000o\000w\000\040\000n\000e\000t\000w\000o\000r\000k}{section.5}% 104
\BOOKMARK [3][-]{subsubsection.5.7.1}{\376\377\000P\000r\000o\000p\000e\000t\000i\000e\000s}{subsection.5.7}% 105
\BOOKMARK [2][-]{subsection.5.8}{\376\377\000P\000r\000u\000f\000e\000r\000\040\000C\000o\000d\000e}{section.5}% 106
\BOOKMARK [2][-]{subsection.5.9}{\376\377\000P\000r\000\374\000f\000e\000r\000'\000s\000\040\000S\000e\000q\000u\000e\000n\000c\000e}{section.5}% 107
\BOOKMARK [2][-]{subsection.5.10}{\376\377\000M\000a\000x\000i\000m\000u\000m\000\040\000f\000l\000o\000w}{section.5}% 108
\BOOKMARK [2][-]{subsection.5.11}{\376\377\000M\000a\000x\000i\000m\000u\000m\000\040\000o\000f\000\040\000d\000i\000s\000j\000o\000i\000n\000t\000\040\000n\000o\000d\000e\000s\000\040\000p\000a\000t\000h\000s}{section.5}% 109
\BOOKMARK [2][-]{subsection.5.12}{\376\377\000S\000t\000r\000o\000n\000g\000l\000y\000\040\000c\000o\000n\000n\000e\000c\000t\000e\000d\000\040\000c\000o\000m\000p\000o\000n\000e\000n\000t\000s}{section.5}% 110
\BOOKMARK [2][-]{subsection.5.13}{\376\377\000C\000u\000t\000p\000o\000i\000n\000t\000s\000\040\000/\000\040\000A\000r\000t\000i\000c\000u\000l\000a\000t\000i\000o\000n\000\040\000p\000o\000i\000n\000t\000s}{section.5}% 111
\BOOKMARK [1][-]{section.6}{\376\377\000T\000r\000e\000e\000s}{}% 112
\BOOKMARK [2][-]{subsection.6.1}{\376\377\000C\000e\000n\000t\000r\000o\000i\000d}{section.6}% 113
\BOOKMARK [2][-]{subsection.6.2}{\376\377\000C\000e\000n\000t\000r\000o\000i\000d\000\040\000d\000e\000c\000o\000m\000p\000o\000s\000i\000t\000i\000o\000n}{section.6}% 114
\BOOKMARK [1][-]{section.7}{\376\377\000N\000u\000m\000b\000e\000r\000\040\000T\000h\000e\000o\000r\000y}{}% 115
\BOOKMARK [2][-]{subsection.7.1}{\376\377\000F\000e\000r\000m\000a\000t\000'\000s\000\040\000T\000h\000e\000o\000r\000e\000m\000s\000\040\000a\000n\000d\000\040\000L\000e\000m\000m\000a\000s}{section.7}% 116
\BOOKMARK [2][-]{subsection.7.2}{\376\377\000M\000u\000l\000t\000i\000p\000l\000i\000c\000a\000t\000i\000v\000e\000\040\000I\000n\000v\000e\000r\000s\000e}{section.7}% 117
\BOOKMARK [3][-]{subsubsection.7.2.1}{\376\377\000D\000e\000f\000i\000n\000i\000t\000i\000o\000n}{subsection.7.2}% 118
\BOOKMARK [3][-]{subsubsection.7.2.2}{\376\377\000E\000x\000i\000s\000t\000e\000n\000c\000e}{subsection.7.2}% 119
\BOOKMARK [3][-]{subsubsection.7.2.3}{\376\377\000E\000u\000l\000e\000r\000\040\000t\000o\000t\000i\000e\000n\000t}{subsection.7.2}% 120
\BOOKMARK [2][-]{subsection.7.3}{\376\377\000G\000o\000l\000d\000b\000a\000c\000h\000'\000s\000\040\000C\000o\000n\000j\000e\000c\000t\000u\000r\000e}{section.7}% 121
\BOOKMARK [2][-]{subsection.7.4}{\376\377\000L\000i\000n\000e\000a\000r\000\040\000D\000i\000o\000p\000h\000a\000n\000t\000i\000n\000e\000\040\000E\000q\000u\000a\000t\000i\000o\000n\000s}{section.7}% 122
\BOOKMARK [3][-]{subsubsection.7.4.1}{\376\377\000S\000o\000l\000u\000t\000i\000o\000n\000\050\000s\000\051}{subsection.7.4}% 123
\BOOKMARK [2][-]{subsection.7.5}{\376\377\000W\000i\000l\000s\000o\000n\000'\000s\000\040\000t\000h\000e\000o\000r\000e\000m}{section.7}% 124
\BOOKMARK [2][-]{subsection.7.6}{\376\377\000C\000h\000i\000c\000k\000e\000n\000\040\000M\000c\000N\000u\000g\000g\000e\000t\000\040\000/\000\040\000P\000o\000s\000t\000a\000g\000e\000\040\000S\000t\000a\000m\000p\000\040\000P\000r\000o\000b\000l\000e\000m\000\040\000/\000\040\000F\000r\000o\000e\000n\000i\000u\000s\000\040\000C\000o\000i\000n\000\040\000P\000r\000o\000b\000l\000e\000m}{section.7}% 125
\BOOKMARK [2][-]{subsection.7.7}{\376\377\000C\000r\000i\000t\000\351\000r\000i\000o\000s\000\040\000d\000e\000\040\000d\000i\000v\000i\000s\000i\000b\000i\000l\000i\000d\000a\000d\000e}{section.7}% 126
\BOOKMARK [3][-]{subsubsection.7.7.1}{\376\377\0007}{subsection.7.7}% 127
\BOOKMARK [3][-]{subsubsection.7.7.2}{\376\377\0001\0001}{subsection.7.7}% 128
\BOOKMARK [3][-]{subsubsection.7.7.3}{\376\377\0001\0003}{subsection.7.7}% 129
\BOOKMARK [3][-]{subsubsection.7.7.4}{\376\377\0001\0007}{subsection.7.7}% 130
\BOOKMARK [3][-]{subsubsection.7.7.5}{\376\377\0001\0009}{subsection.7.7}% 131
\BOOKMARK [3][-]{subsubsection.7.7.6}{\376\377\0002\0003}{subsection.7.7}% 132
\BOOKMARK [2][-]{subsection.7.8}{\376\377\000C\000h\000i\000n\000e\000s\000e\000\040\000R\000e\000m\000a\000i\000n\000d\000e\000r\000\040\000T\000h\000e\000o\000r\000e\000m}{section.7}% 133
\BOOKMARK [3][-]{subsubsection.7.8.1}{\376\377\000C\000o\000r\000o\000l\000l\000a\000r\000y\000:\000\040\000n\000u\000m\000b\000e\000r\000\040\000m\000o\000d\000u\000l\000o\000\040\000a\000\040\000n\000o\000n\000\040\000p\000r\000i\000m\000e\000\040\000n\000u\000m\000b\000e\000r}{subsection.7.8}% 134
\BOOKMARK [3][-]{subsubsection.7.8.2}{\376\377\000F\000i\000n\000d\000i\000n\000g\000\040\000s\000o\000l\000u\000t\000i\000o\000n}{subsection.7.8}% 135
\BOOKMARK [2][-]{subsection.7.9}{\376\377\000F\000u\000n\000d\000a\000m\000e\000n\000t\000a\000l\000\040\000t\000h\000e\000o\000r\000e\000m\000\040\000o\000f\000\040\000a\000r\000i\000t\000h\000m\000e\000t\000i\000c}{section.7}% 136
\BOOKMARK [3][-]{subsubsection.7.9.1}{\376\377\000L\000C\000M\000\040\000a\000n\000d\000\040\000G\000C\000D}{subsection.7.9}% 137
\BOOKMARK [2][-]{subsection.7.10}{\376\377\000T\000a\000k\000i\000n\000g\000\040\000m\000o\000d\000u\000l\000o\000\040\000a\000t\000\040\000t\000h\000e\000\040\000e\000x\000p\000o\000n\000e\000n\000t}{section.7}% 138
\BOOKMARK [1][-]{section.8}{\376\377\000I\000d\000e\000n\000t\000i\000t\000i\000e\000s}{}% 139
\BOOKMARK [2][-]{subsection.8.1}{\376\377\000G\000e\000m\000e\000t\000r\000i\000c\000\040\000s\000e\000q\000u\000e\000n\000c\000e}{section.8}% 140
\BOOKMARK [3][-]{subsubsection.8.1.1}{\376\377\000S\000u\000m\000\040\000o\000f\000\040\000t\000h\000e\000\040\000f\000i\000r\000s\000t\000\040\000N\000\040\000t\000e\000r\000m\000s}{subsection.8.1}% 141
\BOOKMARK [1][-]{section.9}{\376\377\000L\000i\000n\000e\000a\000r\000\040\000A\000l\000g\000e\000b\000r\000a}{}% 142
\BOOKMARK [2][-]{subsection.9.1}{\376\377\000M\000a\000t\000r\000i\000x\000\040\000M\000u\000l\000t\000i\000p\000l\000i\000c\000a\000t\000i\000o\000n}{section.9}% 143
\BOOKMARK [1][-]{section.10}{\376\377\000P\000r\000o\000b\000a\000b\000i\000l\000i\000t\000y\000\040\000T\000h\000e\000o\000r\000y}{}% 144
\BOOKMARK [2][-]{subsection.10.1}{\376\377\000D\000i\000s\000c\000r\000e\000t\000e\000\040\000d\000i\000s\000t\000r\000i\000b\000u\000t\000i\000o\000n\000s}{section.10}% 145
\BOOKMARK [3][-]{subsubsection.10.1.1}{\376\377\000B\000i\000n\000o\000m\000i\000a\000l\000\040\000d\000i\000s\000t\000r\000i\000b\000u\000t\000i\000o\000n}{subsection.10.1}% 146
\BOOKMARK [3][-]{subsubsection.10.1.2}{\376\377\000F\000i\000r\000s\000t\000\040\000s\000u\000c\000c\000e\000s\000s\000\040\000d\000i\000s\000t\000r\000i\000b\000u\000t\000i\000o\000n}{subsection.10.1}% 147
\BOOKMARK [3][-]{subsubsection.10.1.3}{\376\377\000P\000o\000i\000s\000s\000o\000n\000\040\000d\000i\000s\000t\000r\000i\000b\000u\000t\000i\000o\000n}{subsection.10.1}% 148
\BOOKMARK [2][-]{subsection.10.2}{\376\377\000C\000o\000n\000t\000i\000n\000u\000o\000u\000s\000\040\000d\000i\000s\000t\000r\000i\000b\000u\000t\000i\000o\000n\000s}{section.10}% 149
\BOOKMARK [3][-]{subsubsection.10.2.1}{\376\377\000U\000n\000i\000f\000o\000r\000m\000\040\000d\000i\000s\000t\000r\000i\000b\000u\000t\000i\000o\000n}{subsection.10.2}% 150
\BOOKMARK [3][-]{subsubsection.10.2.2}{\376\377\000E\000x\000p\000o\000n\000e\000n\000t\000i\000a\000l\000\040\000d\000i\000s\000t\000r\000i\000b\000u\000t\000i\000o\000n}{subsection.10.2}% 151
\BOOKMARK [3][-]{subsubsection.10.2.3}{\376\377\000N\000o\000r\000m\000a\000l\000\040\000d\000i\000s\000t\000r\000i\000b\000u\000t\000i\000o\000n}{subsection.10.2}% 152
\BOOKMARK [2][-]{subsection.10.3}{\376\377\000M\000a\000r\000k\000o\000v\000\040\000c\000h\000a\000i\000n\000s}{section.10}% 153
\BOOKMARK [3][-]{subsubsection.10.3.1}{\376\377\000S\000t\000a\000t\000i\000o\000n\000a\000r\000y\000\040\000d\000i\000s\000t\000r\000i\000b\000u\000t\000i\000o\000n}{subsection.10.3}% 154
\BOOKMARK [3][-]{subsubsection.10.3.2}{\376\377\000E\000r\000g\000o\000d\000i\000c\000i\000t\000y}{subsection.10.3}% 155
\BOOKMARK [3][-]{subsubsection.10.3.3}{\376\377\000A\000b\000s\000o\000r\000p\000t\000i\000o\000n}{subsection.10.3}% 156
\BOOKMARK [2][-]{subsection.10.4}{\376\377\000M\000o\000n\000t\000y\000\040\000H\000a\000l\000l\000\040\000P\000r\000o\000b\000l\000e\000m}{section.10}% 157
\BOOKMARK [1][-]{section.11}{\376\377\000P\000o\000l\000y\000n\000o\000m\000i\000a\000l}{}% 158
\BOOKMARK [2][-]{subsection.11.1}{\376\377\000B\000h\000a\000s\000k\000a\000r\000a}{section.11}% 159
\BOOKMARK [1][-]{section.12}{\376\377\000T\000r\000e\000e\000s}{}% 160
\BOOKMARK [2][-]{subsection.12.1}{\376\377\000H\000e\000a\000v\000y\000-\000L\000i\000g\000h\000t\000\040\000D\000e\000c\000o\000m\000p\000o\000s\000i\000t\000i\000o\000n}{section.12}% 161
\BOOKMARK [1][-]{section.13}{\376\377\000B\000i\000t\000w\000i\000s\000e}{}% 162
\BOOKMARK [2][-]{subsection.13.1}{\376\377\000X\000O\000R\000\040\000i\000n\000\040\000r\000a\000n\000g\000e}{section.13}% 163
\BOOKMARK [2][-]{subsection.13.2}{\376\377\000B\000i\000n\000a\000r\000y\000\040\000t\000o\000\040\000g\000r\000a\000y\000\040\000c\000o\000d\000e}{section.13}% 164
\BOOKMARK [2][-]{subsection.13.3}{\376\377\000G\000r\000a\000y\000\040\000c\000o\000d\000e\000\040\000t\000o\000\040\000b\000i\000n\000a\000r\000y}{section.13}% 165
\BOOKMARK [1][-]{section.14}{\376\377\000G\000a\000m\000e\000\040\000T\000h\000e\000o\000r\000y}{}% 166
\BOOKMARK [2][-]{subsection.14.1}{\376\377\000I\000m\000p\000a\000r\000t\000i\000a\000l\000\040\000G\000a\000m\000e\000s}{section.14}% 167
\BOOKMARK [2][-]{subsection.14.2}{\376\377\000S\000p\000r\000a\000g\000u\000e\000-\000G\000r\000u\000n\000d\000y\000\040\000T\000h\000e\000o\000r\000e\000m}{section.14}% 168
\BOOKMARK [2][-]{subsection.14.3}{\376\377\000N\000i\000m\000\040\000v\000a\000r\000i\000a\000t\000i\000o\000n\000\040\000S\000u\000b\000t\000r\000a\000c\000t\000\040\000g\000a\000m\000e}{section.14}% 169
\BOOKMARK [2][-]{subsection.14.4}{\376\377\000T\000w\000e\000e\000d\000l\000e\000d\000u\000m\000-\000T\000w\000e\000e\000d\000l\000e\000d\000e\000e}{section.14}% 170
\BOOKMARK [1][-]{section.15}{\376\377\000G\000r\000o\000u\000p\000\040\000T\000h\000e\000o\000r\000y}{}% 171
\BOOKMARK [2][-]{subsection.15.1}{\376\377\000P\000e\000r\000m\000u\000t\000a\000t\000i\000o\000n\000s}{section.15}% 172
\BOOKMARK [3][-]{subsubsection.15.1.1}{\376\377\000O\000d\000d\000\040\000p\000e\000r\000m\000u\000t\000a\000t\000i\000o\000n\000s}{subsection.15.1}% 173
\BOOKMARK [3][-]{subsubsection.15.1.2}{\376\377\000E\000v\000e\000n\000\040\000p\000e\000r\000m\000u\000t\000a\000t\000i\000o\000n\000s}{subsection.15.1}% 174
\BOOKMARK [3][-]{subsubsection.15.1.3}{\376\377\000S\000u\000m\000\040\000o\000f\000\040\000t\000h\000e\000\040\000n\000u\000m\000b\000e\000r\000\040\000o\000f\000\040\000i\000n\000v\000e\000r\000s\000i\000o\000n\000s\000\040\000o\000f\000\040\000e\000v\000e\000r\000y\000\040\000p\000e\000r\000m\000u\000t\000a\000t\000i\000o\000n\000\040\000o\000f\000\040\000s\000i\000z\000e\000\040\000N}{subsection.15.1}% 175
\BOOKMARK [1][-]{section.16}{\376\377\000O\000t\000h\000e\000r\000s}{}% 176
\BOOKMARK [2][-]{subsection.16.1}{\376\377\000U\000n\000i\000m\000o\000d\000a\000l\000\040\000F\000u\000n\000c\000t\000i\000o\000n\000s}{section.16}% 177
